// Jest Snapshot v1, https://goo.gl/fbAQLP

exports[`DrugDetails should match snapshot 1`] = `
<div>
  <div
    class="cds--form-item drug-name cds--text-input-wrapper"
  >
    <div
      class="cds--text-input__label-wrapper"
    >
      <label
        class="cds--label cds--label--disabled"
        dir="auto"
        for="drug-name"
      >
        Drug Name
      </label>
    </div>
    <div
      class="cds--text-input__field-outer-wrapper"
    >
      <div
        class="cds--text-input__field-wrapper"
      >
        <input
          class="cds--text-input"
          disabled=""
          id="drug-name"
          type="text"
        />
        <span
          aria-atomic="true"
          aria-live="assertive"
          class="cds--text-input__counter-alert"
          role="alert"
        />
      </div>
    </div>
  </div>
  <div
    class="inline-field"
  >
    <div
      class="dose-field-with-units"
    >
      <div
        class="NW023la29jMKwMarLfBe"
      >
        <div
          class="cds--form-item"
        >
          <div
            class="cds--number cds--number--helpertext cds--number--md"
          >
            <label
              class="cds--label cds--label--disabled"
              dir="auto"
              for="Dropdown"
            >
              <div
                class="titleText"
              >
                <span>
                  Dose 
                </span>
              </div>
            </label>
            <div
              class="cds--number__input-wrapper"
            >
              <input
                aria-invalid="false"
                disabled=""
                id="Dropdown"
                inputmode="decimal"
                pattern="[0-9]*"
                step="1"
                type="number"
                value="dose"
              />
              <div
                class="cds--number__controls"
              >
                <button
                  aria-label="Decrement number"
                  class="cds--number__control-btn down-icon"
                  disabled=""
                  tabindex="-1"
                  title="Decrement number"
                  type="button"
                >
                  <svg
                    aria-hidden="true"
                    class="down-icon"
                    fill="currentColor"
                    focusable="false"
                    height="16"
                    preserveAspectRatio="xMidYMid meet"
                    viewBox="0 0 32 32"
                    width="16"
                    xmlns="http://www.w3.org/2000/svg"
                  >
                    <path
                      d="M8 15H24V17H8z"
                    />
                  </svg>
                </button>
                <div
                  class="cds--number__rule-divider"
                />
                <button
                  aria-label="Increment number"
                  class="cds--number__control-btn up-icon"
                  disabled=""
                  tabindex="-1"
                  title="Increment number"
                  type="button"
                >
                  <svg
                    aria-hidden="true"
                    class="up-icon"
                    fill="currentColor"
                    focusable="false"
                    height="16"
                    preserveAspectRatio="xMidYMid meet"
                    viewBox="0 0 32 32"
                    width="16"
                    xmlns="http://www.w3.org/2000/svg"
                  >
                    <path
                      d="M17 15 17 8 15 8 15 15 8 15 8 17 15 17 15 24 17 24 17 17 24 17 24 15z"
                    />
                  </svg>
                </button>
                <div
                  class="cds--number__rule-divider"
                />
              </div>
            </div>
          </div>
        </div>
      </div>
      <div
        class="dropdown"
        data-testid="select dropdown"
        style="margin-right: 5px;"
      >
        <div
          class="cds--dropdown__wrapper cds--list-box__wrapper"
        >
          <label
            class="cds--label cds--label--disabled"
            id="downshift-_r_1_-label"
          >
            <div
              class="titleText"
            >
              <span>
                  
              </span>
            </div>
          </label>
          <div
            class="cds--dropdown cds--dropdown--disabled cds--list-box"
            id="Dropdown"
          >
            <button
              aria-activedescendant=""
              aria-controls="downshift-_r_1_-menu"
              aria-expanded="false"
              aria-haspopup="listbox"
              aria-labelledby="downshift-_r_1_-label"
              class="cds--list-box__field"
              disabled=""
              id="downshift-_r_1_-toggle-button"
              role="combobox"
              tabindex="0"
              title="doseUnits"
              type="button"
            >
              <span
                class="cds--list-box__label"
              >
                doseUnits
              </span>
              <div
                class="cds--list-box__menu-icon"
              >
                <svg
                  aria-label="Open menu"
                  fill="currentColor"
                  focusable="false"
                  height="16"
                  name="chevron--down"
                  preserveAspectRatio="xMidYMid meet"
                  role="img"
                  viewBox="0 0 16 16"
                  width="16"
                  xmlns="http://www.w3.org/2000/svg"
                >
                  <path
                    d="M8 11 3 6 3.7 5.3 8 9.6 12.3 5.3 13 6z"
                  />
                  <title>
                    Open menu
                  </title>
                </svg>
              </div>
            </button>
            <ul
              aria-labelledby="downshift-_r_1_-label"
              class="cds--list-box__menu"
              id="downshift-_r_1_-menu"
              role="listbox"
            />
          </div>
        </div>
      </div>
    </div>
    <div
      class="route"
    >
      <div
        class="dropdown"
        data-testid="select dropdown"
        style="margin-right: 5px;"
      >
        <div
          class="cds--dropdown__wrapper cds--list-box__wrapper"
        >
          <label
            class="cds--label cds--label--disabled"
            id="downshift-_r_3_-label"
          >
            <div
              class="titleText"
            >
              <span>
                Route 
              </span>
            </div>
          </label>
          <div
            class="cds--dropdown cds--dropdown--disabled cds--list-box"
            id="Dropdown"
          >
            <button
              aria-activedescendant=""
              aria-controls="downshift-_r_3_-menu"
              aria-expanded="false"
              aria-haspopup="listbox"
              aria-labelledby="downshift-_r_3_-label"
              class="cds--list-box__field"
              disabled=""
              id="downshift-_r_3_-toggle-button"
              role="combobox"
              tabindex="0"
              title="route"
              type="button"
            >
              <span
                class="cds--list-box__label"
              >
                route
              </span>
              <div
                class="cds--list-box__menu-icon"
              >
                <svg
                  aria-label="Open menu"
                  fill="currentColor"
                  focusable="false"
                  height="16"
                  name="chevron--down"
                  preserveAspectRatio="xMidYMid meet"
                  role="img"
                  viewBox="0 0 16 16"
                  width="16"
                  xmlns="http://www.w3.org/2000/svg"
                >
                  <path
                    d="M8 11 3 6 3.7 5.3 8 9.6 12.3 5.3 13 6z"
                  />
                  <title>
                    Open menu
                  </title>
                </svg>
              </div>
            </button>
            <ul
              aria-labelledby="downshift-_r_3_-label"
              class="cds--list-box__menu"
              id="downshift-_r_3_-menu"
              role="listbox"
            />
          </div>
        </div>
      </div>
    </div>
  </div>
  <div
    class="inline-field"
  >
    <div
      class="duration-field-with-units"
    >
      <div
        class="NW023la29jMKwMarLfBe"
      >
        <div
          class="cds--form-item"
        >
          <div
            class="cds--number cds--number--helpertext cds--number--md"
          >
            <label
              class="cds--label cds--label--disabled"
              dir="auto"
              for="Dropdown"
            >
              <div
                class="titleText"
              >
                <span>
                  Duration 
                </span>
              </div>
            </label>
            <div
              class="cds--number__input-wrapper"
            >
              <input
                aria-invalid="false"
                disabled=""
                id="Dropdown"
                inputmode="decimal"
                pattern="[0-9]*"
                step="1"
                type="number"
                value="0"
              />
              <div
                class="cds--number__controls"
              >
                <button
                  aria-label="Decrement number"
                  class="cds--number__control-btn down-icon"
                  disabled=""
                  tabindex="-1"
                  title="Decrement number"
                  type="button"
                >
                  <svg
                    aria-hidden="true"
                    class="down-icon"
                    fill="currentColor"
                    focusable="false"
                    height="16"
                    preserveAspectRatio="xMidYMid meet"
                    viewBox="0 0 32 32"
                    width="16"
                    xmlns="http://www.w3.org/2000/svg"
                  >
                    <path
                      d="M8 15H24V17H8z"
                    />
                  </svg>
                </button>
                <div
                  class="cds--number__rule-divider"
                />
                <button
                  aria-label="Increment number"
                  class="cds--number__control-btn up-icon"
                  disabled=""
                  tabindex="-1"
                  title="Increment number"
                  type="button"
                >
                  <svg
                    aria-hidden="true"
                    class="up-icon"
                    fill="currentColor"
                    focusable="false"
                    height="16"
                    preserveAspectRatio="xMidYMid meet"
                    viewBox="0 0 32 32"
                    width="16"
                    xmlns="http://www.w3.org/2000/svg"
                  >
                    <path
                      d="M17 15 17 8 15 8 15 15 8 15 8 17 15 17 15 24 17 24 17 17 24 17 24 15z"
                    />
                  </svg>
                </button>
                <div
                  class="cds--number__rule-divider"
                />
              </div>
            </div>
          </div>
        </div>
      </div>
      <div
        class="dropdown"
        data-testid="select dropdown"
        style="margin-right: 5px;"
      >
        <div
          class="cds--dropdown__wrapper cds--list-box__wrapper"
        >
          <label
            class="cds--label cds--label--disabled"
            id="downshift-_r_5_-label"
          >
            <div
              class="titleText"
            >
              <span>
                  
              </span>
            </div>
          </label>
          <div
            class="cds--dropdown cds--dropdown--disabled cds--list-box"
            id="Dropdown"
          >
            <button
              aria-activedescendant=""
              aria-controls="downshift-_r_5_-menu"
              aria-expanded="false"
              aria-haspopup="listbox"
              aria-labelledby="downshift-_r_5_-label"
              class="cds--list-box__field"
              disabled=""
              id="downshift-_r_5_-toggle-button"
              role="combobox"
              tabindex="0"
              title=""
              type="button"
            >
              <span
                class="cds--list-box__label"
              />
              <div
                class="cds--list-box__menu-icon"
              >
                <svg
                  aria-label="Open menu"
                  fill="currentColor"
                  focusable="false"
                  height="16"
                  name="chevron--down"
                  preserveAspectRatio="xMidYMid meet"
                  role="img"
                  viewBox="0 0 16 16"
                  width="16"
                  xmlns="http://www.w3.org/2000/svg"
                >
                  <path
                    d="M8 11 3 6 3.7 5.3 8 9.6 12.3 5.3 13 6z"
                  />
                  <title>
                    Open menu
                  </title>
                </svg>
              </div>
            </button>
            <ul
              aria-labelledby="downshift-_r_5_-label"
              class="cds--list-box__menu"
              id="downshift-_r_5_-menu"
              role="listbox"
            />
          </div>
        </div>
      </div>
    </div>
    <div
      class="date-picker-carbon"
      data-testid="datePicker"
    >
      <div
        class="cds--form-item"
        disabled=""
      >
        <div
          class="cds--date-picker cds--date-picker--single"
        >
          <div
            class="cds--date-picker-container"
          >
            <label
              class="cds--label cds--label--disabled"
              dir="auto"
              for="Dropdown"
            >
              <div
                class="titleText"
              >
                <span>
                  Start Date 
                </span>
              </div>
            </label>
            <div
              class="cds--date-picker-input__wrapper"
            >
              <span>
                <input
                  autocomplete="off"
                  class="cds--date-picker__input cds--date-picker__input--md flatpickr-input"
                  disabled=""
                  id="Dropdown"
                  pattern="\\d{1,2}\\/\\d{1,2}\\/\\d{4}"
                  placeholder="DD MM YYYY"
                  style="width: 250px;"
                  type="text"
                />
                <svg
                  aria-hidden="true"
                  class="cds--date-picker__icon"
                  fill="currentColor"
                  focusable="false"
                  height="16"
                  preserveAspectRatio="xMidYMid meet"
                  role="img"
                  viewBox="0 0 32 32"
                  width="16"
                  xmlns="http://www.w3.org/2000/svg"
                >
                  <path
                    d="M26,4h-4V2h-2v2h-8V2h-2v2H6C4.9,4,4,4.9,4,6v20c0,1.1,0.9,2,2,2h20c1.1,0,2-0.9,2-2V6C28,4.9,27.1,4,26,4z M26,26H6V12h20 V26z M26,10H6V6h4v2h2V6h8v2h2V6h4V10z"
                  />
                </svg>
              </span>
            </div>
          </div>
        </div>
      </div>
    </div>
  </div>
  <div
    class="frequency"
  >
    <div
      class="dropdown"
      data-testid="select dropdown"
      style="margin-right: 5px;"
    >
      <div
        class="cds--dropdown__wrapper cds--list-box__wrapper"
      >
        <label
          class="cds--label cds--label--disabled"
          id="downshift-_r_8_-label"
        >
          <div
            class="titleText"
          >
            <span>
              Frequency 
            </span>
          </div>
        </label>
        <div
          class="cds--dropdown cds--dropdown--disabled cds--list-box"
          id="DropdownFrequency"
        >
          <button
            aria-activedescendant=""
            aria-controls="downshift-_r_8_-menu"
            aria-expanded="false"
            aria-haspopup="listbox"
            aria-labelledby="downshift-_r_8_-label"
            class="cds--list-box__field"
            disabled=""
            id="downshift-_r_8_-toggle-button"
            role="combobox"
            tabindex="0"
            title=""
            type="button"
          >
            <span
              class="cds--list-box__label"
            />
            <div
              class="cds--list-box__menu-icon"
            >
              <svg
                aria-label="Open menu"
                fill="currentColor"
                focusable="false"
                height="16"
                name="chevron--down"
                preserveAspectRatio="xMidYMid meet"
                role="img"
                viewBox="0 0 16 16"
                width="16"
                xmlns="http://www.w3.org/2000/svg"
              >
                <path
                  d="M8 11 3 6 3.7 5.3 8 9.6 12.3 5.3 13 6z"
                />
                <title>
                  Open menu
                </title>
              </svg>
            </div>
          </button>
          <ul
            aria-labelledby="downshift-_r_8_-label"
            class="cds--list-box__menu"
            id="downshift-_r_8_-menu"
            role="listbox"
          />
        </div>
      </div>
    </div>
  </div>
</div>
`;
