// Jest Snapshot v1, https://goo.gl/fbAQLP

exports[`DrugInstructions should match snapshot 1`] = `
<div>
  <div
    class="instructions"
  >
    <div
      class="cds--form-item instruction"
    >
      <div
        class="cds--text-area__label-wrapper"
      >
        <label
          class="cds--label cds--label--disabled"
          dir="auto"
        >
          Instruction
        </label>
      </div>
      <div
        class="cds--text-area__wrapper cds--text-area__wrapper--readonly"
      >
        <textarea
          aria-invalid="false"
          aria-readonly="true"
          class="cds--text-area"
          disabled=""
          placeholder=""
          readonly=""
          rows="1"
          style="width: 100%;"
          type="text"
        >
          instructions
        </textarea>
        <span
          aria-atomic="true"
          aria-live="assertive"
          class="cds--text-area__counter-alert"
          role="alert"
        />
      </div>
    </div>
  </div>
  <div
    class="additional-instructions"
  >
    <div
      class="cds--form-item additional-instruction"
    >
      <div
        class="cds--text-area__label-wrapper"
      >
        <label
          class="cds--label cds--label--disabled"
          dir="auto"
        >
          Additional Instruction
        </label>
      </div>
      <div
        class="cds--text-area__wrapper cds--text-area__wrapper--readonly"
      >
        <textarea
          aria-invalid="false"
          aria-readonly="true"
          class="cds--text-area"
          disabled=""
          placeholder=""
          readonly=""
          rows="1"
          style="width: 100%;"
          type="text"
        >
          additionalInstructions
        </textarea>
        <span
          aria-atomic="true"
          aria-live="assertive"
          class="cds--text-area__counter-alert"
          role="alert"
        />
      </div>
    </div>
  </div>
</div>
`;
