// Jest Snapshot v1, https://goo.gl/fbAQLP

exports[`Vitals displays vital and biometrics history after data is fetched 1`] = `
<div>
  <div
    class="cds--tile vital-table"
  >
    <div
      class="vital-date-time"
    >
      11 Dec 2023 
      <a
        class="cds--link show-more"
        kind="tertiary"
      >
        Vitals History
        <svg
          aria-hidden="true"
          fill="currentColor"
          focusable="false"
          height="20"
          preserveAspectRatio="xMidYMid meet"
          viewBox="0 0 32 32"
          width="20"
          xmlns="http://www.w3.org/2000/svg"
        >
          <path
            d="M16 10 26 20 24.6 21.4 16 12.8 7.4 21.4 6 20z"
          />
        </svg>
      </a>
    </div>
    <div
      class="cds--row"
    >
      <div
        class="cds--col"
      >
        <div
          class="cds--tile vital-tiles"
        >
          <span
            class="vital-headers"
          >
            Pulse
          </span>
          <span
            class="vital-values"
          >
            90
             
            <span
              class="vital-units"
            >
              beats/min
            </span>
             
          </span>
        </div>
      </div>
      <div
        class="cds--col"
      >
        <div
          class="cds--tile vital-tiles"
        >
          <span
            class="vitsal-headers"
          >
            SpO2
          </span>
          <span
            class="vital-values"
          >
            93
             
            <span
              class="vital-units"
            >
              %
            </span>
             
          </span>
        </div>
      </div>
      <div
        class="cds--col"
      >
        <div
          class="cds--tile vital-tiles"
        >
          <span
            class="vital-headers"
          >
            R.rate
          </span>
          <span
            class="vital-values"
          >
            25
             
            <span
              class="vital-units"
            >
              breaths/min
            </span>
             
          </span>
        </div>
      </div>
      <div
        class="cds--col"
      >
        <div
          class="cds--tile vital-tiles"
        >
          <span
            class="vital-headers"
          >
            Temp
          </span>
          <span
            class="vital-values"
          >
            36.0
             
            <span
              class="vital-units"
            >
              C
            </span>
             
          </span>
        </div>
      </div>
      <div
        class="cds--col"
      >
        <div
          class="cds--tile vital-tiles"
        >
          <span
            class="vital-headers"
          >
            BP
          </span>
          <span
            class="vital-values"
          >
            110/80
             
            <span
              class="vital-units"
            >
              mmHg
            </span>
             
          </span>
        </div>
      </div>
      <div
        class="cds--col"
      >
        <div
          class="cds--tile vital-tiles"
        >
          <span
            class="vital-headers"
          >
            Height
          </span>
          <span
            class="vital-values"
          >
            160
             
            <span
              class="vital-units"
            >
              Cm
            </span>
             
          </span>
        </div>
      </div>
      <div
        class="cds--col"
      >
        <div
          class="cds--tile vital-tiles"
        >
          <span
            class="vital-headers"
          >
            Weight
          </span>
          <span
            class="vital-values"
          >
            50
             
            <span
              class="vital-units"
            >
              Kg
            </span>
             
          </span>
        </div>
      </div>
      <div
        class="cds--col"
      >
        <div
          class="cds--tile vital-tiles"
        >
          <span
            class="vital-headers"
          >
            BMI
          </span>
          <span
            class="vital-values"
          >
            19.53
             
            <span
              class="vital-units"
            >
              Kg/m2
            </span>
             
          </span>
        </div>
      </div>
    </div>
    <div
      class="cds--tile vitals-biometrics-history"
    >
      <div
        class="cds--tile"
      >
        <div
          class="vitals-history-title"
        >
          Vitals
        </div>
        <div
          class="cds--data-table-content"
        >
          <table
            class="cds--data-table history-data-table cds--data-table--lg cds--data-table--zebra cds--data-table--visible-overflow-menu"
            data-testid="vitals-datatable"
          >
            <thead>
              <tr>
                <th
                  id="data-table-1__header-date"
                  scope="col"
                >
                  <div
                    class="cds--table-header-label"
                  >
                    Date and Time
                    <div
                      class="cds--table-header-label--decorator-inner"
                    />
                  </div>
                </th>
                <th
                  id="data-table-1__header-pulse"
                  scope="col"
                >
                  <div
                    class="cds--table-header-label"
                  >
                    Pulse (beats/min)
                    <div
                      class="cds--table-header-label--decorator-inner"
                    />
                  </div>
                </th>
                <th
                  id="data-table-1__header-spO2"
                  scope="col"
                >
                  <div
                    class="cds--table-header-label"
                  >
                    SPO2 (%)
                    <div
                      class="cds--table-header-label--decorator-inner"
                    />
                  </div>
                </th>
                <th
                  id="data-table-1__header-respiratoryRate"
                  scope="col"
                >
                  <div
                    class="cds--table-header-label"
                  >
                    R.rate (breaths/min)
                    <div
                      class="cds--table-header-label--decorator-inner"
                    />
                  </div>
                </th>
                <th
                  id="data-table-1__header-temperature"
                  scope="col"
                >
                  <div
                    class="cds--table-header-label"
                  >
                    Temp (C)
                    <div
                      class="cds--table-header-label--decorator-inner"
                    />
                  </div>
                </th>
                <th
                  id="data-table-1__header-bp"
                  scope="col"
                >
                  <div
                    class="cds--table-header-label"
                  >
                    BP (mmHg)
                    <div
                      class="cds--table-header-label--decorator-inner"
                    />
                  </div>
                </th>
              </tr>
            </thead>
            <tbody
              aria-live="polite"
            >
              <tr>
                <td>
                  07 Nov 2023 10:32 am
                </td>
                <td
                  class="history-tile"
                >
                  90.0
                </td>
                <td
                  class="history-tile"
                >
                  93.0
                </td>
                <td
                  class="history-tile"
                >
                  25.0
                </td>
                <td
                  class="history-tile"
                >
                  36.0
                </td>
                <td
                  class="history-tile"
                >
                  110/80
                </td>
              </tr>
              <tr>
                <td>
                  11 Dec 2023 02:02 pm
                </td>
                <td
                  class="history-tile"
                >
                  100.0
                </td>
                <td
                  class="history-tile"
                >
                  94.0
                </td>
                <td
                  class="history-tile"
                >
                  20.0
                </td>
                <td
                  class="history-tile"
                >
                  37.0
                </td>
                <td
                  class="history-tile"
                >
                  115/84
                </td>
              </tr>
            </tbody>
          </table>
        </div>
        <div
          class="cds--pagination cds--pagination--md cds--layout--size-md vitals-history-pagination"
        >
          <div
            class="cds--pagination__left"
          >
            <label
              class="cds--pagination__text"
              for="cds-pagination-select-id-_r_6_"
              id="cds-pagination-select-id-_r_6_-count-label"
            >
              Items per page:
            </label>
            <div
              class="cds--form-item cds--select__item-count"
            >
              <div
                class="cds--select cds--select--inline"
              >
                <div
                  class="cds--select-input--inline__wrapper"
                >
                  <div
                    class="cds--select-input__wrapper"
                  >
                    <select
                      class="cds--select-input"
                      id="cds-pagination-select-id-_r_6_"
                      title="5"
                    >
                      <option
                        class="cds--select-option"
                        value="5"
                      >
                        5
                      </option>
                      <option
                        class="cds--select-option"
                        value="10"
                      >
                        10
                      </option>
                      <option
                        class="cds--select-option"
                        value="20"
                      >
                        20
                      </option>
                    </select>
                    <svg
                      aria-hidden="true"
                      class="cds--select__arrow"
                      fill="currentColor"
                      focusable="false"
                      height="16"
                      preserveAspectRatio="xMidYMid meet"
                      viewBox="0 0 16 16"
                      width="16"
                      xmlns="http://www.w3.org/2000/svg"
                    >
                      <path
                        d="M8 11 3 6 3.7 5.3 8 9.6 12.3 5.3 13 6z"
                      />
                    </svg>
                  </div>
                </div>
              </div>
            </div>
            <span
              class="cds--pagination__text cds--pagination__items-count"
            >
              1–2 of 2 items
            </span>
          </div>
          <div
            class="cds--pagination__right"
          >
            <div
              class="cds--form-item cds--select__page-number"
            >
              <div
                class="cds--select cds--select--inline"
              >
                <label
                  class="cds--label cds--visually-hidden"
                  dir="auto"
                  for="cds-pagination-select-id-_r_6_-right"
                >
                  Page of 1 page
                </label>
                <div
                  class="cds--select-input--inline__wrapper"
                >
                  <div
                    class="cds--select-input__wrapper"
                  >
                    <select
                      class="cds--select-input"
                      id="cds-pagination-select-id-_r_6_-right"
                      title="1"
                    >
                      <option
                        class="cds--select-option"
                        value="1"
                      >
                        1
                      </option>
                    </select>
                    <svg
                      aria-hidden="true"
                      class="cds--select__arrow"
                      fill="currentColor"
                      focusable="false"
                      height="16"
                      preserveAspectRatio="xMidYMid meet"
                      viewBox="0 0 16 16"
                      width="16"
                      xmlns="http://www.w3.org/2000/svg"
                    >
                      <path
                        d="M8 11 3 6 3.7 5.3 8 9.6 12.3 5.3 13 6z"
                      />
                    </svg>
                  </div>
                </div>
              </div>
            </div>
            <span
              class="cds--pagination__text"
            >
              of 1 page
            </span>
            <div
              class="cds--pagination__control-buttons"
            >
              <span
                class="cds--popover-container cds--popover--caret cds--popover--high-contrast cds--popover--top cds--tooltip cds--icon-tooltip cds--icon-tooltip--disabled"
              >
                <div
                  class="cds--tooltip-trigger__wrapper"
                >
                  <button
                    aria-label="Previous page"
                    aria-labelledby="tooltip-_r_8_"
                    class="cds--pagination__button cds--pagination__button--backward cds--pagination__button--no-index cds--btn cds--btn--ghost cds--btn--disabled cds--btn--icon-only"
                    disabled=""
                    type="button"
                  >
                    <svg
                      aria-hidden="true"
                      fill="currentColor"
                      focusable="false"
                      height="16"
                      preserveAspectRatio="xMidYMid meet"
                      viewBox="0 0 32 32"
                      width="16"
                      xmlns="http://www.w3.org/2000/svg"
                    >
                      <path
                        d="M20 24 10 16 20 8z"
                      />
                    </svg>
                  </button>
                </div>
                <span
                  aria-hidden="true"
                  class="cds--popover"
                  id="tooltip-_r_8_"
                  role="tooltip"
                >
                  <span
                    class="cds--popover-content cds--tooltip-content"
                  >
                    Previous page
                  </span>
                  <span
                    class="cds--popover-caret"
                  />
                </span>
              </span>
              <span
                class="cds--popover-container cds--popover--caret cds--popover--high-contrast cds--popover--top cds--tooltip cds--icon-tooltip cds--icon-tooltip--disabled"
              >
                <div
                  class="cds--tooltip-trigger__wrapper"
                >
                  <button
                    aria-label="Next page"
                    aria-labelledby="tooltip-_r_c_"
                    class="cds--pagination__button cds--pagination__button--forward cds--pagination__button--no-index cds--btn cds--btn--ghost cds--btn--disabled cds--btn--icon-only"
                    disabled=""
                    type="button"
                  >
                    <svg
                      aria-hidden="true"
                      fill="currentColor"
                      focusable="false"
                      height="16"
                      preserveAspectRatio="xMidYMid meet"
                      viewBox="0 0 32 32"
                      width="16"
                      xmlns="http://www.w3.org/2000/svg"
                    >
                      <path
                        d="M12 8 22 16 12 24z"
                      />
                    </svg>
                  </button>
                </div>
                <span
                  aria-hidden="true"
                  class="cds--popover"
                  id="tooltip-_r_c_"
                  role="tooltip"
                >
                  <span
                    class="cds--popover-content cds--tooltip-content"
                  >
                    Next page
                  </span>
                  <span
                    class="cds--popover-caret"
                  />
                </span>
              </span>
            </div>
          </div>
        </div>
      </div>
      <div
        class="cds--tile"
      >
        <div
          class="biometrics-history-title"
        >
          Nutritional Values
        </div>
        <div
          class="cds--data-table-content"
        >
          <table
            class="cds--data-table history-data-table cds--data-table--lg cds--data-table--zebra cds--data-table--visible-overflow-menu"
            data-testid="biometrics-datatable"
          >
            <thead>
              <tr>
                <th
                  id="data-table-2__header-date"
                  scope="col"
                >
                  <div
                    class="cds--table-header-label"
                  >
                    Date and Time
                    <div
                      class="cds--table-header-label--decorator-inner"
                    />
                  </div>
                </th>
                <th
                  id="data-table-2__header-height"
                  scope="col"
                >
                  <div
                    class="cds--table-header-label"
                  >
                    Height (Cm)
                    <div
                      class="cds--table-header-label--decorator-inner"
                    />
                  </div>
                </th>
                <th
                  id="data-table-2__header-weight"
                  scope="col"
                >
                  <div
                    class="cds--table-header-label"
                  >
                    Weight (Kg)
                    <div
                      class="cds--table-header-label--decorator-inner"
                    />
                  </div>
                </th>
                <th
                  id="data-table-2__header-bmi"
                  scope="col"
                >
                  <div
                    class="cds--table-header-label"
                  >
                    BMI (Kg/m2)
                    <div
                      class="cds--table-header-label--decorator-inner"
                    />
                  </div>
                </th>
                <th
                  id="data-table-2__header-muac"
                  scope="col"
                >
                  <div
                    class="cds--table-header-label"
                  >
                    MUAC (Cm)
                    <div
                      class="cds--table-header-label--decorator-inner"
                    />
                  </div>
                </th>
              </tr>
            </thead>
            <tbody
              aria-live="polite"
            >
              <tr>
                <td>
                  07 Nov 2023 10:32 am
                </td>
                <td
                  class="history-tile"
                >
                  160.0
                </td>
                <td
                  class="history-tile"
                >
                  50.0
                </td>
                <td
                  class="history-tile"
                >
                  19.53
                </td>
                <td
                  class="history-tile"
                >
                  26.0
                </td>
              </tr>
              <tr>
                <td>
                  11 Dec 2023 02:02 pm
                </td>
                <td
                  class="history-tile"
                >
                  165.0
                </td>
                <td
                  class="history-tile"
                >
                  50.0
                </td>
                <td
                  class="history-tile"
                >
                  19.0
                </td>
                <td
                  class="history-tile"
                >
                  27.0
                </td>
              </tr>
            </tbody>
          </table>
        </div>
        <div
          class="cds--pagination cds--pagination--md cds--layout--size-md biometrics-history-pagination"
        >
          <div
            class="cds--pagination__left"
          >
            <label
              class="cds--pagination__text"
              for="cds-pagination-select-id-_r_k_"
              id="cds-pagination-select-id-_r_k_-count-label"
            >
              Items per page:
            </label>
            <div
              class="cds--form-item cds--select__item-count"
            >
              <div
                class="cds--select cds--select--inline"
              >
                <div
                  class="cds--select-input--inline__wrapper"
                >
                  <div
                    class="cds--select-input__wrapper"
                  >
                    <select
                      class="cds--select-input"
                      id="cds-pagination-select-id-_r_k_"
                      title="5"
                    >
                      <option
                        class="cds--select-option"
                        value="5"
                      >
                        5
                      </option>
                      <option
                        class="cds--select-option"
                        value="10"
                      >
                        10
                      </option>
                      <option
                        class="cds--select-option"
                        value="20"
                      >
                        20
                      </option>
                    </select>
                    <svg
                      aria-hidden="true"
                      class="cds--select__arrow"
                      fill="currentColor"
                      focusable="false"
                      height="16"
                      preserveAspectRatio="xMidYMid meet"
                      viewBox="0 0 16 16"
                      width="16"
                      xmlns="http://www.w3.org/2000/svg"
                    >
                      <path
                        d="M8 11 3 6 3.7 5.3 8 9.6 12.3 5.3 13 6z"
                      />
                    </svg>
                  </div>
                </div>
              </div>
            </div>
            <span
              class="cds--pagination__text cds--pagination__items-count"
            >
              1–2 of 2 items
            </span>
          </div>
          <div
            class="cds--pagination__right"
          >
            <div
              class="cds--form-item cds--select__page-number"
            >
              <div
                class="cds--select cds--select--inline"
              >
                <label
                  class="cds--label cds--visually-hidden"
                  dir="auto"
                  for="cds-pagination-select-id-_r_k_-right"
                >
                  Page of 1 page
                </label>
                <div
                  class="cds--select-input--inline__wrapper"
                >
                  <div
                    class="cds--select-input__wrapper"
                  >
                    <select
                      class="cds--select-input"
                      id="cds-pagination-select-id-_r_k_-right"
                      title="1"
                    >
                      <option
                        class="cds--select-option"
                        value="1"
                      >
                        1
                      </option>
                    </select>
                    <svg
                      aria-hidden="true"
                      class="cds--select__arrow"
                      fill="currentColor"
                      focusable="false"
                      height="16"
                      preserveAspectRatio="xMidYMid meet"
                      viewBox="0 0 16 16"
                      width="16"
                      xmlns="http://www.w3.org/2000/svg"
                    >
                      <path
                        d="M8 11 3 6 3.7 5.3 8 9.6 12.3 5.3 13 6z"
                      />
                    </svg>
                  </div>
                </div>
              </div>
            </div>
            <span
              class="cds--pagination__text"
            >
              of 1 page
            </span>
            <div
              class="cds--pagination__control-buttons"
            >
              <span
                class="cds--popover-container cds--popover--caret cds--popover--high-contrast cds--popover--top cds--tooltip cds--icon-tooltip cds--icon-tooltip--disabled"
              >
                <div
                  class="cds--tooltip-trigger__wrapper"
                >
                  <button
                    aria-label="Previous page"
                    aria-labelledby="tooltip-_r_m_"
                    class="cds--pagination__button cds--pagination__button--backward cds--pagination__button--no-index cds--btn cds--btn--ghost cds--btn--disabled cds--btn--icon-only"
                    disabled=""
                    type="button"
                  >
                    <svg
                      aria-hidden="true"
                      fill="currentColor"
                      focusable="false"
                      height="16"
                      preserveAspectRatio="xMidYMid meet"
                      viewBox="0 0 32 32"
                      width="16"
                      xmlns="http://www.w3.org/2000/svg"
                    >
                      <path
                        d="M20 24 10 16 20 8z"
                      />
                    </svg>
                  </button>
                </div>
                <span
                  aria-hidden="true"
                  class="cds--popover"
                  id="tooltip-_r_m_"
                  role="tooltip"
                >
                  <span
                    class="cds--popover-content cds--tooltip-content"
                  >
                    Previous page
                  </span>
                  <span
                    class="cds--popover-caret"
                  />
                </span>
              </span>
              <span
                class="cds--popover-container cds--popover--caret cds--popover--high-contrast cds--popover--top cds--tooltip cds--icon-tooltip cds--icon-tooltip--disabled"
              >
                <div
                  class="cds--tooltip-trigger__wrapper"
                >
                  <button
                    aria-label="Next page"
                    aria-labelledby="tooltip-_r_q_"
                    class="cds--pagination__button cds--pagination__button--forward cds--pagination__button--no-index cds--btn cds--btn--ghost cds--btn--disabled cds--btn--icon-only"
                    disabled=""
                    type="button"
                  >
                    <svg
                      aria-hidden="true"
                      fill="currentColor"
                      focusable="false"
                      height="16"
                      preserveAspectRatio="xMidYMid meet"
                      viewBox="0 0 32 32"
                      width="16"
                      xmlns="http://www.w3.org/2000/svg"
                    >
                      <path
                        d="M12 8 22 16 12 24z"
                      />
                    </svg>
                  </button>
                </div>
                <span
                  aria-hidden="true"
                  class="cds--popover"
                  id="tooltip-_r_q_"
                  role="tooltip"
                >
                  <span
                    class="cds--popover-content cds--tooltip-content"
                  >
                    Next page
                  </span>
                  <span
                    class="cds--popover-caret"
                  />
                </span>
              </span>
            </div>
          </div>
        </div>
      </div>
    </div>
  </div>
</div>
`;

exports[`Vitals should display vital details after data is fetched 1`] = `
<div>
  <div
    class="cds--tile vital-table"
  >
    <div
      class="vital-date-time"
    >
      11 Dec 2023 
      <a
        class="cds--link show-more"
        kind="tertiary"
      >
        Vitals History
        <svg
          aria-hidden="true"
          fill="currentColor"
          focusable="false"
          height="20"
          preserveAspectRatio="xMidYMid meet"
          viewBox="0 0 32 32"
          width="20"
          xmlns="http://www.w3.org/2000/svg"
        >
          <path
            d="M16 22 6 12 7.4 10.6 16 19.2 24.6 10.6 26 12z"
          />
        </svg>
      </a>
    </div>
    <div
      class="cds--row"
    >
      <div
        class="cds--col"
      >
        <div
          class="cds--tile vital-tiles"
        >
          <span
            class="vital-headers"
          >
            Pulse
          </span>
          <span
            class="vital-values"
          >
            90
             
            <span
              class="vital-units"
            >
              beats/min
            </span>
             
          </span>
        </div>
      </div>
      <div
        class="cds--col"
      >
        <div
          class="cds--tile vital-tiles"
        >
          <span
            class="vitsal-headers"
          >
            SpO2
          </span>
          <span
            class="vital-values"
          >
            93
             
            <span
              class="vital-units"
            >
              %
            </span>
             
          </span>
        </div>
      </div>
      <div
        class="cds--col"
      >
        <div
          class="cds--tile vital-tiles"
        >
          <span
            class="vital-headers"
          >
            R.rate
          </span>
          <span
            class="vital-values"
          >
            25
             
            <span
              class="vital-units"
            >
              breaths/min
            </span>
             
          </span>
        </div>
      </div>
      <div
        class="cds--col"
      >
        <div
          class="cds--tile vital-tiles"
        >
          <span
            class="vital-headers"
          >
            Temp
          </span>
          <span
            class="vital-values"
          >
            36.0
             
            <span
              class="vital-units"
            >
              C
            </span>
             
          </span>
        </div>
      </div>
      <div
        class="cds--col"
      >
        <div
          class="cds--tile vital-tiles"
        >
          <span
            class="vital-headers"
          >
            BP
          </span>
          <span
            class="vital-values"
          >
            110/80
             
            <span
              class="vital-units"
            >
              mmHg
            </span>
             
          </span>
        </div>
      </div>
      <div
        class="cds--col"
      >
        <div
          class="cds--tile vital-tiles"
        >
          <span
            class="vital-headers"
          >
            Height
          </span>
          <span
            class="vital-values"
          >
            160
             
            <span
              class="vital-units"
            >
              Cm
            </span>
             
          </span>
        </div>
      </div>
      <div
        class="cds--col"
      >
        <div
          class="cds--tile vital-tiles"
        >
          <span
            class="vital-headers"
          >
            Weight
          </span>
          <span
            class="vital-values"
          >
            50
             
            <span
              class="vital-units"
            >
              Kg
            </span>
             
          </span>
        </div>
      </div>
      <div
        class="cds--col"
      >
        <div
          class="cds--tile vital-tiles"
        >
          <span
            class="vital-headers"
          >
            BMI
          </span>
          <span
            class="vital-values"
          >
            19.53
             
            <span
              class="vital-units"
            >
              Kg/m2
            </span>
             
          </span>
        </div>
      </div>
    </div>
  </div>
</div>
`;
