// Jest Snapshot v1, https://goo.gl/fbAQLP

exports[`DrugChartWrapper matches snapshot 1`] = `
<div>
  <div
    class="drug-chart-dashboard"
  >
    <div
      class="drug-chart"
    >
      <div
        class="drug-chart-left-panel"
        data-testid="left-panel"
      >
        <div
          class="header"
        />
        <div>
          <table
            style="overflow: hidden;"
          >
            <tbody>
              <tr>
                <td>
                  <div
                    class="drug-name"
                  >
                    Paracetamol 120 mg/5 mL Suspension (Liquid)
                  </div>
                  <div
                    class="dosage"
                  >
                    <span>
                      25ml
                    </span>
                    <span>
                       - 
                      Oral
                    </span>
                    <span>
                       - 
                      3 Day(s)
                    </span>
                  </div>
                </td>
              </tr>
            </tbody>
          </table>
        </div>
      </div>
      <div
        class="drug-chart-content"
        data-testid="right-panel"
      >
        <div
          class="calendar-header"
        >
          <div
            style="display: flex;"
          >
            <div
              class="hour-header"
              data-testid="hour"
            >
              00
              :00
            </div>
            <div
              class="hour-header"
              data-testid="hour"
            >
              01
              :00
            </div>
            <div
              class="hour-header"
              data-testid="hour"
            >
              02
              :00
            </div>
            <div
              class="hour-header"
              data-testid="hour"
            >
              03
              :00
            </div>
            <div
              class="hour-header"
              data-testid="hour"
            >
              04
              :00
            </div>
            <div
              class="hour-header"
              data-testid="hour"
            >
              05
              :00
            </div>
            <div
              class="hour-header"
              data-testid="hour"
            >
              06
              :00
            </div>
            <div
              class="hour-header"
              data-testid="hour"
            >
              07
              :00
            </div>
            <div
              class="hour-header"
              data-testid="hour"
            >
              08
              :00
            </div>
            <div
              class="hour-header"
              data-testid="hour"
            >
              09
              :00
            </div>
            <div
              class="hour-header"
              data-testid="hour"
            >
              10
              :00
            </div>
            <div
              class="hour-header"
              data-testid="hour"
            >
              11
              :00
            </div>
            <div
              class="hour-header"
              data-testid="hour"
            >
              12
              :00
            </div>
            <div
              class="hour-header"
              data-testid="hour"
            >
              13
              :00
            </div>
            <div
              class="hour-header"
              data-testid="hour"
            >
              14
              :00
            </div>
            <div
              class="hour-header"
              data-testid="hour"
            >
              15
              :00
            </div>
            <div
              class="hour-header"
              data-testid="hour"
            >
              16
              :00
            </div>
            <div
              class="hour-header"
              data-testid="hour"
            >
              17
              :00
            </div>
            <div
              class="hour-header"
              data-testid="hour"
            >
              18
              :00
            </div>
            <div
              class="hour-header"
              data-testid="hour"
            >
              19
              :00
            </div>
            <div
              class="hour-header"
              data-testid="hour"
            >
              20
              :00
            </div>
            <div
              class="hour-header"
              data-testid="hour"
            >
              21
              :00
            </div>
            <div
              class="hour-header"
              data-testid="hour"
            >
              22
              :00
            </div>
            <div
              class="hour-header"
              data-testid="hour"
            >
              23
              :00
            </div>
          </div>
        </div>
        <table
          class="drug-chart-calendar"
        >
          <tbody>
            <tr>
              <div
                style="display: flex;"
              >
                <div
                  class="time-cell"
                >
                  <div
                    data-testid="left-icon"
                  />
                  <div
                    data-testid="right-icon"
                  />
                </div>
                <div
                  class="time-cell"
                >
                  <div
                    data-testid="left-icon"
                  />
                  <div
                    data-testid="right-icon"
                  />
                </div>
                <div
                  class="time-cell"
                >
                  <div
                    data-testid="left-icon"
                  />
                  <div
                    data-testid="right-icon"
                  />
                </div>
                <div
                  class="time-cell"
                >
                  <div
                    data-testid="left-icon"
                  />
                  <div
                    data-testid="right-icon"
                  />
                </div>
                <div
                  class="time-cell"
                >
                  <div
                    data-testid="left-icon"
                  />
                  <div
                    data-testid="right-icon"
                  />
                </div>
                <div
                  class="time-cell"
                >
                  <div
                    data-testid="left-icon"
                  />
                  <div
                    data-testid="right-icon"
                  />
                </div>
                <div
                  class="time-cell"
                >
                  <div
                    data-testid="left-icon"
                  />
                  <div
                    data-testid="right-icon"
                  />
                </div>
                <div
                  class="time-cell"
                >
                  <div
                    data-testid="left-icon"
                  />
                  <div
                    data-testid="right-icon"
                  />
                </div>
                <div
                  class="time-cell"
                >
                  <div
                    data-testid="left-icon"
                  />
                  <div
                    data-testid="right-icon"
                  />
                </div>
                <div
                  class="time-cell"
                >
                  <div
                    data-testid="left-icon"
                  />
                  <div
                    data-testid="right-icon"
                  />
                </div>
                <div
                  class="time-cell"
                >
                  <div
                    data-testid="left-icon"
                  />
                  <div
                    data-testid="right-icon"
                  />
                </div>
                <div
                  class="time-cell"
                >
                  <div
                    data-testid="left-icon"
                  />
                  <div
                    data-testid="right-icon"
                  />
                </div>
                <div
                  class="time-cell"
                >
                  <div
                    data-testid="left-icon"
                  />
                  <div
                    data-testid="right-icon"
                  />
                </div>
                <div
                  class="time-cell"
                >
                  <div
                    data-testid="left-icon"
                  />
                  <div
                    data-testid="right-icon"
                  />
                </div>
                <div
                  class="time-cell"
                >
                  <div
                    data-testid="left-icon"
                  />
                  <div
                    data-testid="right-icon"
                  />
                </div>
                <div
                  class="time-cell"
                >
                  <div
                    data-testid="left-icon"
                  />
                  <div
                    data-testid="right-icon"
                  />
                </div>
                <div
                  class="time-cell"
                >
                  <div
                    data-testid="left-icon"
                  >
                    <div>
                      <test-file-stub />
                    </div>
                  </div>
                  <div
                    data-testid="right-icon"
                  />
                </div>
                <div
                  class="time-cell"
                >
                  <div
                    data-testid="left-icon"
                  />
                  <div
                    data-testid="right-icon"
                  />
                </div>
                <div
                  class="time-cell"
                >
                  <div
                    data-testid="left-icon"
                  />
                  <div
                    data-testid="right-icon"
                  />
                </div>
                <div
                  class="time-cell"
                >
                  <div
                    data-testid="left-icon"
                  />
                  <div
                    data-testid="right-icon"
                  >
                    <div>
                      <test-file-stub />
                    </div>
                  </div>
                </div>
                <div
                  class="time-cell"
                >
                  <div
                    data-testid="left-icon"
                  />
                  <div
                    data-testid="right-icon"
                  />
                </div>
                <div
                  class="time-cell"
                >
                  <div
                    data-testid="left-icon"
                  />
                  <div
                    data-testid="right-icon"
                  />
                </div>
                <div
                  class="time-cell"
                >
                  <div
                    data-testid="left-icon"
                  />
                  <div
                    data-testid="right-icon"
                  />
                </div>
                <div
                  class="time-cell"
                >
                  <div
                    data-testid="left-icon"
                  />
                  <div
                    data-testid="right-icon"
                  />
                </div>
              </div>
            </tr>
          </tbody>
        </table>
      </div>
    </div>
    <div
      class="drug-chart-legend"
    >
      <div>
        <test-file-stub />
        Pending
      </div>
      <div>
        <test-file-stub />
        Late
      </div>
      <div>
        <test-file-stub />
        Administered
      </div>
      <div>
        <test-file-stub />
        Administered Late
      </div>
      <div>
        <test-file-stub />
        Not Administered
      </div>
    </div>
  </div>
</div>
`;

exports[`DrugChartWrapper should render loading state when isLoading is true 1`] = `
<div>
  <div
    class="no-nursing-tasks"
  >
    No Medication has been scheduled for the patient yet
  </div>
</div>
`;
