// Jest Snapshot v1, https://goo.gl/fbAQLP

exports[`DrugChartWrapper matches snapshot 1`] = `
<div>
  <div
    class="drug-chart-dashboard"
  >
    <div
      class="drug-chart"
      style="height: 198px;"
    >
      <div
        class="drug-chart-left-panel"
        data-testid="left-panel"
      >
        <div
          class="header"
        />
        <div>
          <table
            style="overflow: hidden;"
          >
            <tbody>
              <tr>
                <td>
                  <div
                    class="drug-name-container"
                  >
                    <div
                      class="drug-chart-drug-name"
                    >
                      Paracetamol 120 mg/5 mL Suspension (Liquid)
                    </div>
                    <div>
                      TooltipCarbon
                    </div>
                    <div
                      class="drug-list-drug-name-cell"
                    >
                      <div
                        class="bx--tag bx--tag--blue"
                        id="tag-2"
                      >
                        
                        <span
                          title="Rx"
                        >
                          Rx
                        </span>
                      </div>
                    </div>
                  </div>
                  <div
                    class="dosage"
                  >
                    <span>
                      25ml
                    </span>
                    <span>
                       - 
                      Oral
                    </span>
                    <span>
                       - 
                      3 Day(s)
                    </span>
                  </div>
                </td>
              </tr>
            </tbody>
          </table>
        </div>
      </div>
      <div
        class="drug-chart-content"
        data-testid="right-panel"
      >
        <div
          class="calendar-header"
        >
          <div
            style="display: flex;"
          >
            <div
              class="hour-header"
              data-testid="hour"
            >
              08
              :00
            </div>
            <div
              class="hour-header"
              data-testid="hour"
            >
              09
              :00
            </div>
            <div
              class="hour-header"
              data-testid="hour"
            >
              10
              :00
            </div>
            <div
              class="hour-header"
              data-testid="hour"
            >
              11
              :00
            </div>
            <div
              class="hour-header"
              data-testid="hour"
            >
              12
              :00
            </div>
            <div
              class="hour-header"
              data-testid="hour"
            >
              13
              :00
            </div>
            <div
              class="hour-header"
              data-testid="hour"
            >
              14
              :00
            </div>
            <div
              class="hour-header"
              data-testid="hour"
            >
              15
              :00
            </div>
          </div>
        </div>
        <table
          class="drug-chart-calendar"
        >
          <tbody>
            <tr>
              <div
                style="display: flex;"
              >
                <div
                  class="time-cell"
                >
                  <div
                    class=""
                    data-testid="left-icon"
                  />
                  <div
                    class=""
                    data-testid="right-icon"
                  />
                </div>
                <div
                  class="time-cell"
                >
                  <div
                    class=""
                    data-testid="left-icon"
                  />
                  <div
                    class=""
                    data-testid="right-icon"
                  />
                </div>
                <div
                  class="time-cell"
                >
                  <div
                    class=""
                    data-testid="left-icon"
                  />
                  <div
                    class=""
                    data-testid="right-icon"
                  />
                </div>
                <div
                  class="time-cell"
                >
                  <div
                    class=""
                    data-testid="left-icon"
                  />
                  <div
                    class=""
                    data-testid="right-icon"
                  />
                </div>
                <div
                  class="time-cell"
                >
                  <div
                    class="highligtedCell"
                    data-testid="left-icon"
                  />
                  <div
                    class=""
                    data-testid="right-icon"
                  />
                </div>
                <div
                  class="time-cell"
                >
                  <div
                    class=""
                    data-testid="left-icon"
                  />
                  <div
                    class=""
                    data-testid="right-icon"
                  />
                </div>
                <div
                  class="time-cell"
                >
                  <div
                    class=""
                    data-testid="left-icon"
                  />
                  <div
                    class=""
                    data-testid="right-icon"
                  />
                </div>
                <div
                  class="time-cell"
                >
                  <div
                    class=""
                    data-testid="left-icon"
                  />
                  <div
                    class=""
                    data-testid="right-icon"
                  />
                </div>
              </div>
            </tr>
          </tbody>
        </table>
      </div>
    </div>
    <div
      class="drug-chart-legend"
    >
      <div>
        <test-file-stub />
        Pending
      </div>
      <div>
        <test-file-stub />
        Late
      </div>
      <div>
        <test-file-stub />
        Administered
      </div>
      <div>
        <test-file-stub />
        Administered Late
      </div>
      <div>
        <test-file-stub />
        Not Administered
      </div>
      <div>
        <test-file-stub />
        Stopped
      </div>
    </div>
  </div>
</div>
`;

exports[`DrugChartWrapper should render loading state when isLoading is true 1`] = `
<div>
  <div>
    Loading...
  </div>
</div>
`;
