// Jest Snapshot v1, https://goo.gl/fbAQLP

exports[`DrugChart should match snapshot 1`] = `
<DocumentFragment>
  <div
    class="drug-chart-dashboard"
  >
    <div
      class="drug-chart"
      style="height: 209px;"
    >
      <div
        class="drug-chart-left-panel"
        data-testid="left-panel"
      >
        <div
          class="header"
        >
          <button
            class="arrow-button bx--btn bx--btn--primary bx--btn--disabled"
            data-testid="up-arrow"
            disabled=""
            tabindex="0"
            type="button"
          >
            <svg
              aria-hidden="true"
              class="bx--btn__icon"
              fill="currentColor"
              focusable="false"
              height="20"
              preserveAspectRatio="xMidYMid meet"
              viewBox="0 0 32 32"
              width="20"
              xmlns="http://www.w3.org/2000/svg"
            >
              <path
                d="M16 10L26 20 24.6 21.4 16 12.8 7.4 21.4 6 20z"
              />
            </svg>
          </button>
        </div>
        <div>
          <div>
            mockDrugList
          </div>
          <div>
            mockDrugList
          </div>
          <div>
            mockDrugList
          </div>
          <div>
            mockDrugList
          </div>
          <div>
            mockDrugList
          </div>
          <div>
            mockDrugList
          </div>
          <div>
            mockDrugList
          </div>
          <div>
            mockDrugList
          </div>
          <div>
            mockDrugList
          </div>
          <div>
            mockDrugList
          </div>
          <div>
            mockDrugList
          </div>
          <div>
            mockDrugList
          </div>
          <div>
            mockDrugList
          </div>
          <div>
            mockDrugList
          </div>
          <div>
            mockDrugList
          </div>
          <table
            style="overflow: hidden;"
          >
            <tbody>
              <tr />
              <tr />
              <tr />
              <tr />
              <tr />
              <tr />
              <tr />
              <tr />
              <tr />
              <tr />
              <tr />
              <tr />
              <tr />
              <tr />
              <tr />
            </tbody>
          </table>
        </div>
      </div>
      <div
        class="drug-chart-content"
        data-testid="right-panel"
      >
        <div>
          CalendarHeader
        </div>
        <div>
          Calendar
        </div>
      </div>
    </div>
    <div
      class="arrow-button-wrapper"
    >
      <button
        class="arrow-button bx--btn bx--btn--primary bx--btn--disabled"
        data-testid="down-arrow"
        disabled=""
        tabindex="0"
        type="button"
      >
        <svg
          aria-hidden="true"
          class="bx--btn__icon"
          fill="currentColor"
          focusable="false"
          height="20"
          preserveAspectRatio="xMidYMid meet"
          viewBox="0 0 32 32"
          width="20"
          xmlns="http://www.w3.org/2000/svg"
        >
          <path
            d="M16 22L6 12 7.4 10.6 16 19.2 24.6 10.6 26 12z"
          />
        </svg>
      </button>
    </div>
    <div
      class="drug-chart-legend"
    >
      <div>
        <test-file-stub />
        Pending
      </div>
      <div>
        <test-file-stub />
        Late
      </div>
      <div>
        <test-file-stub />
        Completed
      </div>
      <div>
        <test-file-stub />
        Administered Late
      </div>
      <div>
        <test-file-stub />
        Not Administered
      </div>
      <div>
        <test-file-stub />
        Stopped
      </div>
    </div>
  </div>
</DocumentFragment>
`;
