// Jest Snapshot v1, https://goo.gl/fbAQLP

exports[`NoteLegend should render without crashing 1`] = `
<div>
  <div
    class="note-legend"
  >
    <div>
      <test-file-stub />
      Note
    </div>
    <div>
      <test-file-stub />
      Amended Note
    </div>
    <div>
      <test-file-stub />
      Acknowledged Note
    </div>
  </div>
</div>
`;
