// Jest Snapshot v1, https://goo.gl/fbAQLP

exports[`Search Drug Should allow drug search 1`] = `
<div>
  <div>
    <div
      class="cds--list-box__wrapper"
    >
      <label
        class="cds--label"
        dir="auto"
        for="SearchDrug"
        id="downshift-_r_2_-label"
      >
        <div
          class="titleText"
        >
          <span>
            Drug Name (Emergency / Ad hoc) 
          </span>
          <span
            class="required"
          >
            *
          </span>
        </div>
      </label>
      <div
        class="cds--combo-box cds--list-box cds--list-box--xl cds--layout--size-xl cds--list-box--expanded"
      >
        <div
          class="cds--list-box__field"
        >
          <input
            aria-activedescendant=""
            aria-autocomplete="list"
            aria-controls="downshift-_r_2_-menu"
            aria-expanded="true"
            aria-haspopup="listbox"
            aria-labelledby="downshift-_r_2_-label"
            autocomplete="off"
            class="cds--text-input cds--combo-box--input--focus"
            id="SearchDrug"
            placeholder="Type to Search Drug"
            role="combobox"
            tabindex="0"
            title="Para"
            type="text"
            value="Para"
          />
          <button
            aria-label="Clear selected item"
            class="cds--list-box__selection"
            tabindex="-1"
            title="Clear selected item"
            type="button"
          >
            <svg
              aria-hidden="true"
              fill="currentColor"
              focusable="false"
              height="16"
              preserveAspectRatio="xMidYMid meet"
              viewBox="0 0 32 32"
              width="16"
              xmlns="http://www.w3.org/2000/svg"
            >
              <path
                d="M17.4141 16 24 9.4141 22.5859 8 16 14.5859 9.4143 8 8 9.4141 14.5859 16 8 22.5859 9.4143 24 16 17.4141 22.5859 24 24 22.5859 17.4141 16z"
              />
            </svg>
          </button>
          <button
            aria-controls="downshift-_r_2_-menu"
            aria-expanded="true"
            aria-label="Close"
            class="cds--list-box__menu-icon cds--list-box__menu-icon--open"
            id="downshift-_r_2_-toggle-button"
            tabindex="-1"
            title="Close"
            type="button"
          >
            <svg
              aria-hidden="true"
              fill="currentColor"
              focusable="false"
              height="16"
              preserveAspectRatio="xMidYMid meet"
              viewBox="0 0 16 16"
              width="16"
              xmlns="http://www.w3.org/2000/svg"
            >
              <path
                d="M8 11 3 6 3.7 5.3 8 9.6 12.3 5.3 13 6z"
              />
            </svg>
          </button>
        </div>
        <ul
          aria-labelledby="downshift-_r_2_-label"
          class="cds--list-box__menu"
          id="downshift-_r_2_-menu"
          role="listbox"
        >
          <li
            aria-selected="false"
            class="cds--list-box__menu-item"
            id="downshift-_r_2_-item-0"
            role="option"
          >
            <div
              class="cds--list-box__menu-item__option"
            >
              Paracetamol 250 mg Suppository
            </div>
          </li>
          <li
            aria-selected="false"
            class="cds--list-box__menu-item"
            id="downshift-_r_2_-item-1"
            role="option"
          >
            <div
              class="cds--list-box__menu-item__option"
            >
              Combintation Chlorpheniramine, Paracetamol and Pseudophedrine 100 mL Syrup (Cough and Cold Syrup)
            </div>
          </li>
        </ul>
      </div>
    </div>
  </div>
</div>
`;
