// Jest Snapshot v1, https://goo.gl/fbAQLP

exports[`NursingTasks should show nursing tasks when nursing task reponse is not empty 1`] = `
<DocumentFragment>
  <div>
    <div
      class="nursing-tasks-content-container"
    >
      <div
        class="date-text"
      >
        11/08/2023
      </div>
      <div
        class="nursing-task-tiles-container"
      >
        <div>
          <div
            class="tile-parent-container"
          >
            <div
              class="nursing-tasks-tile"
              style="background-color: rgb(237, 248, 230);"
            >
              <div
                class="tile-content"
              >
                <div
                  class="tile-title"
                >
                  <div
                    class="nursing-task-icon-container"
                  >
                    <div>
                      <test-file-stub />
                    </div>
                  </div>
                  <span
                    class="bx--tooltip--definition bx--tooltip--a11y"
                  >
                    <button
                      aria-describedby="definition-tooltip-1"
                      class="bx--tooltip__trigger bx--tooltip--a11y bx--tooltip__trigger--definition bx--tooltip--bottom bx--tooltip--align-start"
                      type="button"
                    >
                      <div
                        class="drug-title"
                        style="color: rgb(169, 169, 169);"
                      >
                        Paracetamol 120 mg/5 mL Suspension (Liquid)
                      </div>
                    </button>
                    <span
                      class="bx--assistive-text"
                      id="definition-tooltip-1"
                      role="tooltip"
                    >
                      Paracetamol 120 mg/5 mL Suspension (Liquid)
                    </span>
                  </span>
                </div>
                <div
                  class="tile-content-subtext"
                  style="color: rgb(169, 169, 169);"
                >
                  <span>
                    25
                  </span>
                  <span>
                     - mg
                  </span>
                  <span>
                     - Oral
                  </span>
                </div>
                <div
                  class="tile-content-subtext"
                >
                  <test-file-stub />
                  <div>
                     04:15 PM
                  </div>
                </div>
                <div
                  class="more-info"
                >
                  (1 more)
                </div>
              </div>
            </div>
            <div
              class="nursing-tasks-tile stacked-tile"
              style="background-color: rgb(237, 248, 230);"
            />
          </div>
        </div>
        <div>
          <div
            class="tile-parent-container"
          >
            <div
              class="nursing-tasks-tile"
              style="background-color: rgb(237, 248, 230);"
            >
              <div
                class="tile-content"
              >
                <div
                  class="tile-title"
                >
                  <div
                    class="nursing-task-icon-container"
                  >
                    <div>
                      <test-file-stub />
                    </div>
                  </div>
                  <span
                    class="bx--tooltip--definition bx--tooltip--a11y"
                  >
                    <button
                      aria-describedby="definition-tooltip-2"
                      class="bx--tooltip__trigger bx--tooltip--a11y bx--tooltip__trigger--definition bx--tooltip--bottom bx--tooltip--align-start"
                      type="button"
                    >
                      <div
                        class="drug-title"
                        style="color: rgb(169, 169, 169);"
                      >
                        Paracetamol 120 mg (Tablet)
                      </div>
                    </button>
                    <span
                      class="bx--assistive-text"
                      id="definition-tooltip-2"
                      role="tooltip"
                    >
                      Paracetamol 120 mg (Tablet)
                    </span>
                  </span>
                </div>
                <div
                  class="tile-content-subtext"
                  style="color: rgb(169, 169, 169);"
                >
                  <span>
                    25
                  </span>
                  <span>
                     - mg
                  </span>
                  <span>
                     - Oral
                  </span>
                </div>
                <div
                  class="tile-content-subtext"
                >
                  <test-file-stub />
                  <div>
                     04:32 PM
                  </div>
                </div>
              </div>
            </div>
          </div>
        </div>
      </div>
    </div>
  </div>
</DocumentFragment>
`;
