// Jest Snapshot v1, https://goo.gl/fbAQLP

exports[`NursingTasks should show nursing tasks when nursing task reponse is not empty 1`] = `
<DocumentFragment>
  <div>
    <div
      style="flex-direction: column;"
    >
      <div
        class="date-text"
      >
        11/8/2023
      </div>
      <div
        style="display: flex; height: 110px;"
      >
        <div
          style="position: relative; width: 350px;"
        >
          <div
            class="tile tile-2"
            style="background-color: rgb(237, 248, 230);"
          />
          <div
            class="tile tile-1"
            style="background-color: rgb(237, 248, 230);"
          >
            <div
              class="tile-content"
            >
              <div
                class="tile-title"
              >
                <div>
                  <test-file-stub />
                </div>
                <div
                  class="drug-name"
                  style="color: rgb(169, 169, 169);"
                >
                  Paracetamol 120 mg/5 mL Suspension (Liquid)
                </div>
              </div>
              <div
                class="dosage"
                style="color: rgb(169, 169, 169);"
              >
                <span>
                  25
                </span>
                <span>
                   - mg
                </span>
                <span>
                   - Oral
                </span>
                <span>
                   - 3 Day(s)
                </span>
              </div>
              <div
                class="dosage"
              >
                <test-file-stub />
                <div>
                   04:15 PM
                </div>
              </div>
              <div
                class="more-info"
              >
                (1 more)
              </div>
            </div>
          </div>
        </div>
      </div>
      <div
        style="display: flex; height: 110px;"
      >
        <div
          style="position: relative; width: 350px;"
        >
          <div
            class="tile tile-1"
            style="background-color: rgb(237, 248, 230);"
          >
            <div
              class="tile-content"
            >
              <div
                class="tile-title"
              >
                <div>
                  <test-file-stub />
                </div>
                <div
                  class="drug-name"
                  style="color: rgb(169, 169, 169);"
                >
                  Paracetamol 120 mg (Tablet)
                </div>
              </div>
              <div
                class="dosage"
                style="color: rgb(169, 169, 169);"
              >
                <span>
                  25
                </span>
                <span>
                   - mg
                </span>
                <span>
                   - Oral
                </span>
                <span>
                   - 3 Day(s)
                </span>
              </div>
              <div
                class="dosage"
              >
                <test-file-stub />
                <div>
                   04:32 PM
                </div>
              </div>
            </div>
          </div>
        </div>
      </div>
    </div>
  </div>
</DocumentFragment>
`;
