// Jest Snapshot v1, https://goo.gl/fbAQLP

exports[`CareViewPatientsSummary should match snapshot 1`] = `
<div>
  <div
    class="care-view-table-wrapper"
  >
    <table
      class="care-view-patient-table"
    >
      <tbody>
        <tr
          class="patient-row-container"
        >
          <td
            class="patient-details-container"
            data-testid="patient-details-header"
          />
          <td
            class="slot-details-header"
            data-testid="slot-details-header-0"
          >
            <div
              class="time"
              data-testid="time-frame-0"
            >
              12:00
            </div>
          </td>
          <td
            class="slot-details-header"
            data-testid="slot-details-header-1"
          >
            <div
              class="time"
              data-testid="time-frame-1"
            >
              13:00
            </div>
          </td>
        </tr>
        <tr
          class="patient-row-container"
        >
          <td
            class="patient-details-container"
          >
            <div
              class="care-view-patient-details"
            >
              <div
                class="admission-details"
              >
                <svg
                  aria-hidden="true"
                  fill="currentColor"
                  focusable="false"
                  height="16"
                  preserveAspectRatio="xMidYMid meet"
                  viewBox="0 0 32 32"
                  width="16"
                  xmlns="http://www.w3.org/2000/svg"
                >
                  <path
                    d="M25,16H17a2.0023,2.0023,0,0,0-2,2v6H4V14H2V30H4V26H28v4h2V21A5.0059,5.0059,0,0,0,25,16Zm3,8H17V18h8a3.0033,3.0033,0,0,1,3,3Z"
                  />
                  <path
                    d="M9.5 17A1.5 1.5 0 118 18.5 1.5017 1.5017 0 019.5 17m0-2A3.5 3.5 0 1013 18.5 3.5 3.5 0 009.5 15zM21 6L17 6 17 2 15 2 15 6 11 6 11 8 15 8 15 12 17 12 17 8 21 8 21 6z"
                  />
                </svg>
                |
                <span>
                  A-6
                </span>
                |
                <a
                  class="bx--link bx--link--inline"
                  href="#"
                >
                  <span>
                    PT51140
                  </span>
                </a>
              </div>
              <div>
                Patient
                :
                 
                <span>
                  AnnonFN-Jcilhyxuen AnnonMN-Dylkrgbpwo AnnonLN-Gkksnhzbeu
                </span>
                 (
                <span>
                  M
                </span>
                )
                <span
                  class="separator"
                >
                  |
                </span>
                <span>
                  14
                </span>
                yrs
              </div>
            </div>
            <div>
              <svg
                aria-hidden="true"
                fill="currentColor"
                focusable="false"
                height="20"
                preserveAspectRatio="xMidYMid meet"
                viewBox="0 0 32 32"
                width="20"
                xmlns="http://www.w3.org/2000/svg"
              >
                <path
                  d="M24,16V26.7515l-7.0962-3.5894L16,22.7051l-.9009.456L8,26.748V4H18V2H8A2,2,0,0,0,6,4V30l10-5.0537L26,30V16Z"
                />
                <path
                  d="M26 6L26 2 24 2 24 6 20 6 20 8 24 8 24 12 26 12 26 8 30 8 30 6 26 6z"
                />
              </svg>
            </div>
          </td>
          <td
            class="slot-details-container"
          />
          <td
            class="slot-details-container"
          />
        </tr>
        <tr
          class="patient-row-container"
        >
          <td
            class="patient-details-container"
          >
            <div
              class="care-view-patient-details"
            >
              <div
                class="admission-details"
              >
                <svg
                  aria-hidden="true"
                  fill="currentColor"
                  focusable="false"
                  height="16"
                  preserveAspectRatio="xMidYMid meet"
                  viewBox="0 0 32 32"
                  width="16"
                  xmlns="http://www.w3.org/2000/svg"
                >
                  <path
                    d="M25,16H17a2.0023,2.0023,0,0,0-2,2v6H4V14H2V30H4V26H28v4h2V21A5.0059,5.0059,0,0,0,25,16Zm3,8H17V18h8a3.0033,3.0033,0,0,1,3,3Z"
                  />
                  <path
                    d="M9.5 17A1.5 1.5 0 118 18.5 1.5017 1.5017 0 019.5 17m0-2A3.5 3.5 0 1013 18.5 3.5 3.5 0 009.5 15zM21 6L17 6 17 2 15 2 15 6 11 6 11 8 15 8 15 12 17 12 17 8 21 8 21 6z"
                  />
                </svg>
                |
                <span>
                  C-1
                </span>
                |
                <a
                  class="bx--link bx--link--inline"
                  href="#"
                >
                  <span>
                    PT49722
                  </span>
                </a>
              </div>
              <div>
                Patient
                :
                 
                <span>
                  AnnonFN-Eifbqbgbnm AnnonMN-Vrystpswee AnnonLN-Idseppecxk
                </span>
                 (
                <span>
                  M
                </span>
                )
                <span
                  class="separator"
                >
                  |
                </span>
                <span>
                  10
                </span>
                yrs
              </div>
            </div>
            <div>
              <svg
                aria-hidden="true"
                fill="currentColor"
                focusable="false"
                height="20"
                preserveAspectRatio="xMidYMid meet"
                viewBox="0 0 32 32"
                width="20"
                xmlns="http://www.w3.org/2000/svg"
              >
                <path
                  d="M24,16V26.7515l-7.0962-3.5894L16,22.7051l-.9009.456L8,26.748V4H18V2H8A2,2,0,0,0,6,4V30l10-5.0537L26,30V16Z"
                />
                <path
                  d="M26 6L26 2 24 2 24 6 20 6 20 8 24 8 24 12 26 12 26 8 30 8 30 6 26 6z"
                />
              </svg>
            </div>
          </td>
          <td
            class="slot-details-container"
          />
          <td
            class="slot-details-container"
          />
        </tr>
        <tr
          class="patient-row-container"
        >
          <td
            class="patient-details-container"
          >
            <div
              class="care-view-patient-details"
            >
              <div
                class="admission-details"
              >
                <svg
                  aria-hidden="true"
                  fill="currentColor"
                  focusable="false"
                  height="16"
                  preserveAspectRatio="xMidYMid meet"
                  viewBox="0 0 32 32"
                  width="16"
                  xmlns="http://www.w3.org/2000/svg"
                >
                  <path
                    d="M25,16H17a2.0023,2.0023,0,0,0-2,2v6H4V14H2V30H4V26H28v4h2V21A5.0059,5.0059,0,0,0,25,16Zm3,8H17V18h8a3.0033,3.0033,0,0,1,3,3Z"
                  />
                  <path
                    d="M9.5 17A1.5 1.5 0 118 18.5 1.5017 1.5017 0 019.5 17m0-2A3.5 3.5 0 1013 18.5 3.5 3.5 0 009.5 15zM21 6L17 6 17 2 15 2 15 6 11 6 11 8 15 8 15 12 17 12 17 8 21 8 21 6z"
                  />
                </svg>
                |
                <span>
                  ICU1
                </span>
                |
                <a
                  class="bx--link bx--link--inline"
                  href="#"
                >
                  <span>
                    ET55749
                  </span>
                </a>
              </div>
              <div>
                Patient
                :
                 
                <span>
                  user three
                </span>
                 (
                <span>
                  F
                </span>
                )
                <span
                  class="separator"
                >
                  |
                </span>
                <span>
                  30
                </span>
                yrs
              </div>
            </div>
            <div>
              <svg
                aria-hidden="true"
                fill="currentColor"
                focusable="false"
                height="20"
                preserveAspectRatio="xMidYMid meet"
                viewBox="0 0 32 32"
                width="20"
                xmlns="http://www.w3.org/2000/svg"
              >
                <path
                  d="M24,16V26.7515l-7.0962-3.5894L16,22.7051l-.9009.456L8,26.748V4H18V2H8A2,2,0,0,0,6,4V30l10-5.0537L26,30V16Z"
                />
                <path
                  d="M26 6L26 2 24 2 24 6 20 6 20 8 24 8 24 12 26 12 26 8 30 8 30 6 26 6z"
                />
              </svg>
            </div>
          </td>
          <td
            class="slot-details-container"
          />
          <td
            class="slot-details-container"
          />
        </tr>
      </tbody>
    </table>
  </div>
</div>
`;
